global-mutable.cpp:3: syntax error, unexpected '=', expecting '('
