global-constant-redeclaration.cpp:4: Duplicate identifier declaration (could be an enum, a variable or template parameter) `a`
