references.cpp:3: syntax error, unexpected '&', expecting ID
