std-tupple-too-big.cpp:8: syntax error, unexpected ',', expecting '>'
