std-array-neg-size.cpp:6: Non-constant array dimension
