typedef-c-array-neg.cpp:3: Array dimension not a positive integer constant
