typedef-redeclaration.cpp:4: syntax error, unexpected TYPEID, expecting ID
