if-else-return-not-complete-2.cpp:8: syntax error, unexpected RETURN
