if-else-return-not-complete-1.cpp:8: syntax error, unexpected ID, expecting IF or RETURN or '{'
