if-return.cpp:8: syntax error, unexpected RETURN, expecting ELSE
