Warning: no function definitions found, maybe you forgot the `// RAC begin` guard
