function-duplicate.cpp:11: Duplicate function definition
