Failed to open file missing-file.cpp.i: No such file or directory
