mutually-recursive-function.cpp:3: syntax error, unexpected ';', expecting '{'
