rac-in-comment-but-not-a-guard.cpp:3: syntax error, unexpected RAC
