recursive-call.cpp:3: syntax error, unexpected ';', expecting '{'
