variable-redeclaration.cpp:10: Duplicate identifier declaration (could be an enum, a variable or template parameter) `a`
